{
  "extraColumnHeaders": {
    "resultType": {
      "headerText": "resultType", 
      "isFilterable": true, 
      "isSortable": true, 
      "useFreeformFilter": false, 
      "valuesAndCounts": [
        [
          "failed", 
          1
        ], 
        [
          "no-comparison", 
          2
        ], 
        [
          "succeeded", 
          1
        ]
      ]
    }, 
    "sourceSkpFile": {
      "headerText": "sourceSkpFile", 
      "isFilterable": true, 
      "isSortable": true, 
      "useFreeformFilter": true, 
      "valuesAndCounts": [
        [
          "changed.skp", 
          1
        ], 
        [
          "only-in-after.skp", 
          1
        ], 
        [
          "only-in-before.skp", 
          1
        ], 
        [
          "unchanged.skp", 
          1
        ]
      ]
    }, 
    "tiledOrWhole": {
      "headerText": "tiledOrWhole", 
      "isFilterable": true, 
      "isSortable": true, 
      "useFreeformFilter": false, 
      "valuesAndCounts": [
        [
          "whole", 
          4
        ]
      ]
    }, 
    "tilenum": {
      "headerText": "tilenum", 
      "isFilterable": true, 
      "isSortable": true, 
      "useFreeformFilter": true, 
      "valuesAndCounts": [
        [
          "N/A", 
          4
        ]
      ]
    }
  }, 
  "extraColumnOrder": [
    "resultType", 
    "sourceSkpFile", 
    "tiledOrWhole", 
    "tilenum"
  ], 
  "header": {
    "dataHash": "-4754972663365911725", 
    "isEditable": false, 
    "isExported": true, 
    "schemaVersion": 4, 
    "timeNextUpdateAvailable": null, 
    "timeUpdated": 12345678, 
    "type": "all"
  }, 
  "imagePairs": [
    {
      "extraColumns": {
        "resultType": "failed", 
        "sourceSkpFile": "changed.skp", 
        "tiledOrWhole": "whole", 
        "tilenum": "N/A"
      }, 
      "imageAUrl": "changed_skp/bitmap-64bitMD5_3101044995537104462.png", 
      "imageBUrl": "changed_skp/bitmap-64bitMD5_13623922271964399662.png", 
      "isDifferent": true
    }, 
    {
      "extraColumns": {
        "resultType": "no-comparison", 
        "sourceSkpFile": "only-in-after.skp", 
        "tiledOrWhole": "whole", 
        "tilenum": "N/A"
      }, 
      "imageAUrl": null, 
      "imageBUrl": "only-in-after_skp/bitmap-64bitMD5_2320185040577047131.png", 
      "isDifferent": true
    }, 
    {
      "extraColumns": {
        "resultType": "no-comparison", 
        "sourceSkpFile": "only-in-before.skp", 
        "tiledOrWhole": "whole", 
        "tilenum": "N/A"
      }, 
      "imageAUrl": "only-in-before_skp/bitmap-64bitMD5_2320185040577047131.png", 
      "imageBUrl": null, 
      "isDifferent": true
    }, 
    {
      "extraColumns": {
        "resultType": "succeeded", 
        "sourceSkpFile": "unchanged.skp", 
        "tiledOrWhole": "whole", 
        "tilenum": "N/A"
      }, 
      "imageAUrl": "unchanged_skp/bitmap-64bitMD5_3322248763049618493.png", 
      "imageBUrl": "unchanged_skp/bitmap-64bitMD5_3322248763049618493.png", 
      "isDifferent": false
    }
  ], 
  "imageSets": {
    "diffs": {
      "baseUrl": "/static/generated-images/diffs", 
      "description": "color difference per channel"
    }, 
    "imageA": {
      "baseUrl": "http://storage.cloud.google.com/fakebucket/fake/path", 
      "description": "setA"
    }, 
    "imageB": {
      "baseUrl": "http://storage.cloud.google.com/fakebucket/fake/path", 
      "description": "setB"
    }, 
    "whiteDiffs": {
      "baseUrl": "/static/generated-images/whitediffs", 
      "description": "differing pixels in white"
    }
  }
}